// Jest Snapshot v1, https://goo.gl/fbAQLP

exports[`git-utils getDiffForFile() brand-new-jsx-file 1`] = `
"diff --git a/tmp.jsx b/tmp.jsx
new file mode 100644
index 0000000..ae72777
--- /dev/null
+++ b/tmp.jsx
@@ -0,0 +1,21 @@
+function HelloWorld({greeting = \\"hello\\", greeted = '\\"World\\"', silent = false, onMouseOver,}) {
+
+    if(!greeting){return null};
+  
+       // TODO: Don't use random in render
+    let num = Math.floor (Math.random() * 1E+7).toString().replace(/\\\\.\\\\d+/ig, \\"\\")
+  
+    return <div className='HelloWorld' title={\`You are visitor number \${ num }\`} onMouseOver={onMouseOver}>
+  
+      <strong>{ greeting.slice( 0, 1 ).toUpperCase() + greeting.slice(1).toLowerCase() }</strong>
+      {greeting.endsWith(\\",\\") ? \\" \\" : <span style={{color: '\\\\grey'}}>\\", \\"</span> }
+      <em>
+      { greeted }
+      </em>
+      { (silent)
+        ? \\".\\"
+        : \\"!\\"}
+  
+      </div>;
+  
+  }
\\\\ No newline at end of file"
`;

exports[`git-utils getDiffForFile() empty-javascript-file 1`] = `
"diff --git a/tmp.js b/tmp.js
new file mode 100644
index 0000000..3772dd0
--- /dev/null
+++ b/tmp.js
@@ -0,0 +1,2 @@
+var greeting = 'hello'
+        var audience = 'world'
\\\\ No newline at end of file"
`;

exports[`git-utils getDiffForFile() multiple-updated-lines-javascript-file 1`] = `
"diff --git a/tmp.js b/tmp.js
index 50d7ab7..2b98ecd 100644
--- a/tmp.js
+++ b/tmp.js
@@ -2 +2 @@ var     untouchedUglyLines1 = ''
-function TouchedFunctionSignature({greeting = \\"Hello\\", greeted = '\\"World\\"', silent = false,}) {
+function TouchedFunctionSignature({greeting = \\"Hello\\", greeted = '\\"Mars\\"', silent = false,}) {
@@ -5,0 +6 @@ function TouchedFunctionSignature({greeting = \\"Hello\\", greeted = '\\"World\\"', sile
+      const newlyAddedUglyLine = true
\\\\ No newline at end of file"
`;

exports[`git-utils getDiffForFile() single-updated-line-typescript 1`] = `
"diff --git a/tmp.ts b/tmp.ts
index 30011dc..1f5fc71 100644
--- a/tmp.ts
+++ b/tmp.ts
@@ -2 +2 @@ const a = true
-const b = false
\\\\ No newline at end of file
+const b = true
\\\\ No newline at end of file"
`;
